// Jest Snapshot v1, https://goo.gl/fbAQLP

exports[`DeliveryInfo renders 1`] = `
<div>
  <div
    class="elMBModal_SectionHeader elMBModal_SectionHeader_Top"
  >
    <div
      class="elMBModal_SectionHeader_Filler"
    />
    <h4
      class="elMBText elMBText_ResetSpacing elMBModal_SectionHeaderText"
    >
      Delivery Address
    </h4>
    <div
      aria-label="Close"
      class="elMBModal_Close"
    >
      <img
        alt="close"
        class="el-mbicon--close"
        src="/assets/components/elements/mb-icon/close.png"
        srcset="/assets/components/elements/mb-icon/close@2x.png 2x, /assets/components/elements/mb-icon/close@3x.png 3x"
      />
    </div>
  </div>
  <div
    class="currdel__address__container"
  >
    <div
      class="cm-ae-gift__container"
    >
      <img
        alt="Gift"
        class="cm-ae-gift__icon"
        src="/assets/sprite_sources/icons/gift_icon.png"
      />
      <span
        class="cm-ae-gift__text"
      >
        Sending a gift? Use the recipient's address.
      </span>
    </div>
    <div
      class="cm-ae-container"
      id="address-entry"
    >
      <div
        class="cm-ae-error"
      >
        <p
          class="cm-ae-error__text cm-ae-error__text--empty"
        >
          An unexpected error has occured.
        </p>
      </div>
      <div
        class="cm-ae-input__row"
      >
        <div
          class="cm-ae-input__container"
        >
          <img
            alt="pin"
            class="el-mbicon--pin cm-ae-input__pin_icon"
            src="/assets/components/elements/mb-icon/pin.png"
            srcset="/assets/components/elements/mb-icon/pin@2x.png 2x, /assets/components/elements/mb-icon/pin@3x.png 3x"
          />
          <input
            autocomplete="off"
            class="elMBInput cm-ae-input"
            id="addres-input"
            name="addres-input"
            placeholder="Enter a delivery addâ€‹ress to shop"
            required=""
            type="text"
            value=" 123 Jump Street, Apt. 10, New York New York 12345"
          />
          <img
            alt="clear"
            class="el-mbicon--clear cm-ae-input__close_button"
            src="/assets/components/elements/mb-icon/clear.png"
            srcset="/assets/components/elements/mb-icon/clear@2x.png 2x, /assets/components/elements/mb-icon/clear@3x.png 3x"
          />
          <span
            class="cm-ae-input__loader button_hidden"
          />
          <div
            class="cm-ae-dropdown__container"
          >
            <ul
              class="cm-ae-dropdown__list"
            />
          </div>
        </div>
        <button
          class="elMBButton elMBButton__Default elMBButton__Tall cm-ae-button button_hidden"
          disabled=""
          id="address-button"
        >
          Go
          <div
            class="button__loader"
          />
        </button>
      </div>
      <div
        id="google_places_target"
      />
    </div>
  </div>
  <div
    class="currdel__done-container"
  >
    <button
      class="elMBButton elMBButton__Default elMBButton__Medium elMBButton__Expand"
    >
      Done
    </button>
  </div>
  <div
    class="currdel__sl__container"
  >
    <div>
      <div
        class="elMBModal_SectionHeader"
      >
        <div
          class="elMBModal_SectionHeader_Filler"
        />
        <h4
          class="elMBText elMBText_ResetSpacing elMBModal_SectionHeaderText"
        >
          Your Local Store
        </h4>
        <div
          class="elMBModal_SectionHeader_Filler"
        />
      </div>
      <div
        class="currdel__sr-row"
      >
        <div
          class="currdel__sr__container"
        >
          <div
            class="currdel__sr__header"
          >
            <div
              class="currdel__sr__supplier"
            >
              <h4
                class="elMBText elMBText_ResetSpacing currdel__supplier-name"
              >
                Manhattan Wine
              </h4>
              <div
                class="el-touchable el-touchable--disabled"
                role="button"
                tabindex="-1"
              >
                <h5
                  class="elMBText elMBText_ResetSpacing currdel__supplier-location"
                >
                   123 Jump Street, New York, New York
                </h5>
              </div>
            </div>
          </div>
        </div>
      </div>
    </div>
  </div>
</div>
`;
