// Jest Snapshot v1, https://goo.gl/fbAQLP

exports[`ItemList renders 1`] = `
<ul>
  <div />
</ul>
`;

exports[`ItemList renders with overflow 1`] = `
<ul>
  <div />
</ul>
`;
