// Jest Snapshot v1, https://goo.gl/fbAQLP

exports[`ShipmentList renders 1`] = `<div />`;
