// Jest Snapshot v1, https://goo.gl/fbAQLP

exports[`ItemList renders 1`] = `
<div
  class="csl__item-list-container"
/>
`;
