// Jest Snapshot v1, https://goo.gl/fbAQLP

exports[`ContactUs renders 1`] = `null`;
