// Jest Snapshot v1, https://goo.gl/fbAQLP

exports[`MBErrorBoundary renders 1`] = `
<div>
  A thing to click outside of
</div>
`;
