// Jest Snapshot v1, https://goo.gl/fbAQLP

exports[`MBGrid renders 1`] = `
<ul
  className="el-mbgrid"
/>
`;
