// Jest Snapshot v1, https://goo.gl/fbAQLP

exports[`MBInput.Input renders 1`] = `
<input
  className="elMBInput"
/>
`;
