// Jest Snapshot v1, https://goo.gl/fbAQLP

exports[`SupplierMapModal renders 1`] = `null`;
